// Vitest Snapshot v1, https://vitest.dev/guide/snapshot.html

exports[`should handle missing test run 1`] = `
[
  {
    "passedTests": 0,
    "totalTests": 0,
    "weekIndex": 1,
  },
  {
    "passedTests": 0,
    "totalTests": 0,
    "weekIndex": 2,
  },
  {
    "passedTests": 0,
    "totalTests": 0,
    "weekIndex": 3,
  },
  {
    "passedTests": 0,
    "totalTests": 0,
    "weekIndex": 4,
  },
  {
    "passedTests": 0,
    "totalTests": 0,
    "weekIndex": 5,
  },
  {
    "passedTests": 0,
    "totalTests": 0,
    "weekIndex": 6,
  },
  {
    "passedTests": 0,
    "totalTests": 0,
    "weekIndex": 7,
  },
  {
    "passedTests": 10,
    "totalTests": 10,
    "weekIndex": 8,
  },
  {
    "passedTests": 10,
    "totalTests": 10,
    "weekIndex": 9,
  },
  {
    "passedTests": 10,
    "totalTests": 10,
    "weekIndex": 10,
  },
  {
    "passedTests": 0,
    "totalTests": 0,
    "weekIndex": 11,
  },
  {
    "passedTests": 0,
    "totalTests": 0,
    "weekIndex": 12,
  },
]
`;
