// Vitest Snapshot v1, https://vitest.dev/guide/snapshot.html

exports[`Alert Message > should render an alert message with an alert pill and appropriate styles 1`] = `
<DocumentFragment>
  <div
    class="flex justify-center text-center items-center text-gray-600"
  >
    <span
      class="flex items-center text-xs rounded-full py-1 px-2 mr-2 bg-white"
    >
      <span
        class="rounded-full w-3 h-3 inline-block bg-purple-500"
      />
      <span
        class="ml-1"
      >
        INFO
      </span>
    </span>
    <span
      class="text-sm"
    >
      This is an alert message
    </span>
  </div>
</DocumentFragment>
`;
