// Jest Snapshot v1, https://goo.gl/fbAQLP

exports[`aggregate-builds-by-repo 1`] = `
Object {
  "count": 1,
  "indicators": Array [
    Object {
      "name": "Total successful",
      "rating": 0,
      "value": 0,
    },
    Object {
      "name": "Number of executions",
      "rating": 2,
      "value": 1,
    },
    Object {
      "name": "Success rate",
      "rating": 0,
      "value": "0%",
    },
    Object {
      "additionalValue": "1 m",
      "name": "Average duration",
      "rating": 1,
      "value": "1 m",
    },
    Object {
      "additionalValue": "Since Oct 10",
      "name": "Current status",
      "rating": 0,
      "value": "failed",
    },
  ],
  "name": "Builds",
  "rating": 1,
}
`;

exports[`aggregate-builds-by-repo 2`] = `
Object {
  "count": 2,
  "indicators": Array [
    Object {
      "name": "Total successful",
      "rating": 2,
      "value": 1,
    },
    Object {
      "name": "Number of executions",
      "rating": 4,
      "value": 2,
    },
    Object {
      "name": "Success rate",
      "rating": 50,
      "value": "50%",
    },
    Object {
      "additionalValue": "1 m - 2 m",
      "name": "Average duration",
      "rating": 1,
      "value": "2 m",
    },
    Object {
      "additionalValue": undefined,
      "name": "Current status",
      "rating": 0,
      "value": "succeeded",
    },
  ],
  "name": "Builds",
  "rating": 12,
}
`;

exports[`aggregate-builds-by-repo 3`] = `
Object {
  "count": 0,
  "indicators": Array [
    Object {
      "name": "Total successful",
      "rating": 0,
      "value": 0,
    },
    Object {
      "name": "Number of executions",
      "rating": 0,
      "value": 0,
    },
    Object {
      "name": "Success rate",
      "rating": 0,
      "value": "0%",
    },
    Object {
      "additionalValue": "-",
      "name": "Average duration",
      "rating": 0,
      "value": "-",
    },
    Object {
      "additionalValue": undefined,
      "name": "Current status",
      "rating": 0,
      "value": "unknown",
    },
  ],
  "name": "Builds",
  "rating": 0,
}
`;
